// Jest Snapshot v1, https://goo.gl/fbAQLP

exports[`should render stack 1`] = `[Function]`;
