// Jest Snapshot v1, https://goo.gl/fbAQLP

exports[`should give correct style 1`] = `[Function]`;

exports[`should show indicator chart 1`] = `[Function]`;
