// Jest Snapshot v1, https://goo.gl/fbAQLP

exports[`should show indicatorTimeLine 1`] = `[Function]`;
